['', 'C:\\Program Files\\Python311\\python311.zip', 'C:\\Program Files\\Python311\\DLLs', 'C:\\Program Files\\Python311\\Lib', 'C:\\Program Files\\Python311', 'D:\\POC\\marketing_ai\\.venv', 'D:\\POC\\marketing_ai\\.venv\\Lib\\site-packages', '__editable__.marketing_ai-0.1.0.finder.__path_hook__', 'D:\\POC\\marketing_ai\\.venv\\Lib\\site-packages\\win32', 'D:\\POC\\marketing_ai\\.venv\\Lib\\site-packages\\win32\\lib', 'D:\\POC\\marketing_ai\\.venv\\Lib\\site-packages\\Pythonwin']
[Tool(name='Perform web search', description='Tool Name: perform_web_search\nTool Arguments: {\n  "properties": {\n    "query": {\n      "title": "Query",\n      "type": "string"\n    }\n  },\n  "required": [\n    "query"\n  ],\n  "title": "Performwebsearch",\n  "type": "object",\n  "additionalProperties": false\n}\nTool Description: \n    Search the web for specific information about a company or individual.\n    Use this to find missing data points not covered by specialized APIs.\n\n    Returns a JSON string of web search results.\n    ', env_vars=[], args_schema=<class 'crewai.tools.base_tool.Performwebsearch'>, description_updated=False, cache_function=<function BaseTool.<lambda> at 0x0000022AA83DB2E0>, result_as_answer=False, max_usage_count=None, current_usage_count=0, func=<function perform_web_search at 0x0000022B0DA3A5C0>), Tool(name='Search company news', description='Tool Name: search_company_news\nTool Arguments: {\n  "properties": {\n    "company_name": {\n      "title": "Company Name",\n      "type": "string"\n    }\n  },\n  "required": [\n    "company_name"\n  ],\n  "title": "Searchcompanynews",\n  "type": "object",\n  "additionalProperties": false\n}\nTool Description: \n    Search for recent news articles about the given company using\n    web search APIs (Bing News Search, Google News, etc.).\n\n    Returns a JSON string of news articles with headline, summary,\n    URL, published_date, sentiment, relevance_score, and category.\n    ', env_vars=[], args_schema=<class 'crewai.tools.base_tool.Searchcompanynews'>, description_updated=False, cache_function=<function BaseTool.<lambda> at 0x0000022AA83DB2E0>, result_as_answer=False, max_usage_count=None, current_usage_count=0, func=<function search_company_news at 0x0000022B0DA3A340>)]
